// Jest Snapshot v1, https://goo.gl/fbAQLP

exports[`<Checkout /> should render without crashing 1`] = `
<Checkout
  history={
    Object {
      "location": Object {
        "pathname": "",
      },
    }
  }
>
  <Spinner>
    <div
      className="spinner"
    />
  </Spinner>
</Checkout>
`;
