// Jest Snapshot v1, https://goo.gl/fbAQLP

exports[`<Spinner /> renders without crashing 1`] = `
<div
  className="spinner"
/>
`;
