// Jest Snapshot v1, https://goo.gl/fbAQLP

exports[`<OrderConfirmation /> renders without crashing 1`] = `<Spinner />`;
